#-----------------------------------------------------------
# Vivado v2018.3 (64-bit)
# SW Build 2405991 on Thu Dec  6 23:38:27 MST 2018
# IP Build 2404404 on Fri Dec  7 01:43:56 MST 2018
# Start of session at: Tue May 21 14:21:13 2019
# Process ID: 19260
# Current directory: D:/Projects/Hipero/svn/dev/fpga/ip_projects/payload_partition
# Command line: vivado.exe -gui_launcher_event rodinguilauncherevent30608 D:\Projects\Hipero\svn\dev\fpga\ip_projects\payload_partition\payload_partition.xpr
# Log file: D:/Projects/Hipero/svn/dev/fpga/ip_projects/payload_partition/vivado.log
# Journal file: D:/Projects/Hipero/svn/dev/fpga/ip_projects/payload_partition\vivado.jou
#-----------------------------------------------------------
start_gui
open_project D:/Projects/Hipero/svn/dev/fpga/ip_projects/payload_partition/payload_partition.xpr
update_compile_order -fileset sources_1
make_wrapper -files [get_files D:/Projects/Hipero/svn/dev/fpga/ip_projects/payload_partition/payload_partition.srcs/sources_1/bd/payload_partition/payload_partition.bd] -top
add_files -norecurse D:/Projects/Hipero/svn/dev/fpga/ip_projects/payload_partition/payload_partition.srcs/sources_1/bd/payload_partition/hdl/payload_partition_wrapper.vhd
ipx::package_project -root_dir d:/projects/hipero/svn/dev/fpga/ip_projects/payload_partition/payload_partition.srcs/sources_1/bd/payload_partition -vendor cbkpan -library hipero -taxonomy /UserIP
set_property core_revision 2 [ipx::current_core]
ipx::create_xgui_files [ipx::current_core]
ipx::update_checksums [ipx::current_core]
ipx::save_core [ipx::current_core]
ipx::check_integrity -quiet [ipx::current_core]
ipx::archive_core {d:\projects\hipero\svn\dev\fpga\ip_projects\payload_partition\payload_partition.srcs\sources_1\bd\payload_partition\cbkpan_hipero_payload_partition_1.0.zip} [ipx::current_core]
